Copyright 1986-2022 Xilinx, Inc. All Rights Reserved. Copyright 2022-2024 Advanced Micro Devices, Inc. All Rights Reserved.
---------------------------------------------------------------------------------------------------------------------------------------------
| Tool Version : Vivado v.2024.2 (lin64) Build 5239630 Fri Nov 08 22:34:34 MST 2024
| Date         : Tue Sep  8 16:37:59 2026
| Host         : dlgus0630-850XAC running 64-bit Ubuntu 24.04.4 LTS
| Command      : report_timing -max_paths 5 -file /tmp/rs422-analysis/ooc-constrained/critical_paths.rpt
| Design       : redundant_link_core
| Device       : 7a35t-cpg236
| Speed File   : -1  PRODUCTION 1.23 2018-06-13
| Design State : Routed
---------------------------------------------------------------------------------------------------------------------------------------------

Timing Report

Slack (MET) :             0.204ns  (required time - arrival time)
  Source:                 u_event_fifo/count_reg[4]/C
                            (rising edge-triggered cell FDCE clocked by core_clk  {rise@0.000ns fall@5.000ns period=10.000ns})
  Destination:            u_event_arbiter/event_lost_count_reg[5]/D
                            (rising edge-triggered cell FDCE clocked by core_clk  {rise@0.000ns fall@5.000ns period=10.000ns})
  Path Group:             core_clk
  Path Type:              Setup (Max at Slow Process Corner)
  Requirement:            10.000ns  (core_clk rise@10.000ns - core_clk rise@0.000ns)
  Data Path Delay:        9.744ns  (logic 3.052ns (31.323%)  route 6.692ns (68.677%))
  Logic Levels:           14  (CARRY4=5 LUT2=3 LUT4=3 LUT5=2 LUT6=1)
  Clock Path Skew:        -0.049ns (DCD - SCD + CPR)
    Destination Clock Delay (DCD):    0.924ns = ( 10.924 - 10.000 ) 
    Source Clock Delay      (SCD):    0.973ns
    Clock Pessimism Removal (CPR):    0.000ns
  Clock Uncertainty:      0.035ns  ((TSJ^2 + TIJ^2)^1/2 + DJ) / 2 + PE
    Total System Jitter     (TSJ):    0.071ns
    Total Input Jitter      (TIJ):    0.000ns
    Discrete Jitter          (DJ):    0.000ns
    Phase Error              (PE):    0.000ns

    Location             Delay type                Incr(ns)  Path(ns)    Netlist Resource(s)
  -------------------------------------------------------------------    -------------------
                         (clock core_clk rise edge)
                                                      0.000     0.000 r  
                                                      0.000     0.000 r  clk (IN)
                         net (fo=3736, unset)         0.973     0.973    u_event_fifo/clk
    SLICE_X9Y59          FDCE                                         r  u_event_fifo/count_reg[4]/C
  -------------------------------------------------------------------    -------------------
    SLICE_X9Y59          FDCE (Prop_fdce_C_Q)         0.456     1.429 r  u_event_fifo/count_reg[4]/Q
                         net (fo=5, routed)           1.016     2.445    u_event_fifo/event_fifo_count[4]
    SLICE_X8Y59          LUT6 (Prop_lut6_I1_O)        0.124     2.569 f  u_event_fifo/write_ptr[3]_i_4/O
                         net (fo=6, routed)           0.449     3.017    u_event_fifo/fifo_pop_request_reg
    SLICE_X8Y60          LUT2 (Prop_lut2_I0_O)        0.124     3.141 f  u_event_fifo/pending_valid[15]_i_2/O
                         net (fo=63, routed)          0.919     4.060    u_event_arbiter/arbiter_event_ready
    SLICE_X10Y62         LUT4 (Prop_lut4_I2_O)        0.124     4.184 r  u_event_arbiter/event_lost_pulse_i_29/O
                         net (fo=3, routed)           0.684     4.868    u_event_arbiter/event_lost_pulse_i_29_n_0
    SLICE_X10Y62         LUT4 (Prop_lut4_I1_O)        0.124     4.992 r  u_event_arbiter/event_lost_count[0]_i_5/O
                         net (fo=3, routed)           0.767     5.759    u_event_arbiter/event_lost_count[0]_i_5_n_0
    SLICE_X8Y64          LUT2 (Prop_lut2_I1_O)        0.149     5.908 r  u_event_arbiter/event_lost_pulse_i_16/O
                         net (fo=2, routed)           0.795     6.703    u_event_arbiter/event_lost_pulse_i_16_n_0
    SLICE_X5Y65          LUT5 (Prop_lut5_I2_O)        0.355     7.058 r  u_event_arbiter/event_lost_pulse_i_6/O
                         net (fo=3, routed)           0.869     7.927    u_event_arbiter/event_lost_pulse_i_6_n_0
    SLICE_X5Y65          LUT5 (Prop_lut5_I1_O)        0.124     8.051 r  u_event_arbiter/event_lost_count[3]_i_3/O
                         net (fo=2, routed)           0.331     8.382    u_event_arbiter/event_lost_count[3]_i_3_n_0
    SLICE_X6Y64          LUT2 (Prop_lut2_I1_O)        0.124     8.506 r  u_event_arbiter/event_lost_count[3]_i_4/O
                         net (fo=1, routed)           0.000     8.506    u_event_arbiter/event_lost_count[3]_i_4_n_0
    SLICE_X6Y64          CARRY4 (Prop_carry4_S[3]_CO[3])
                                                      0.376     8.882 r  u_event_arbiter/event_lost_count_reg[3]_i_2/CO[3]
                         net (fo=1, routed)           0.000     8.882    u_event_arbiter/event_lost_count_reg[3]_i_2_n_0
    SLICE_X6Y65          CARRY4 (Prop_carry4_CI_CO[3])
                                                      0.117     8.999 r  u_event_arbiter/event_lost_count_reg[7]_i_2/CO[3]
                         net (fo=1, routed)           0.000     8.999    u_event_arbiter/event_lost_count_reg[7]_i_2_n_0
    SLICE_X6Y66          CARRY4 (Prop_carry4_CI_CO[3])
                                                      0.117     9.116 r  u_event_arbiter/event_lost_count_reg[11]_i_2/CO[3]
                         net (fo=1, routed)           0.000     9.116    u_event_arbiter/event_lost_count_reg[11]_i_2_n_0
    SLICE_X6Y67          CARRY4 (Prop_carry4_CI_CO[3])
                                                      0.117     9.233 r  u_event_arbiter/event_lost_count_reg[15]_i_3/CO[3]
                         net (fo=1, routed)           0.000     9.233    u_event_arbiter/event_lost_count_reg[15]_i_3_n_0
    SLICE_X6Y68          CARRY4 (Prop_carry4_CI_CO[0])
                                                      0.254     9.487 r  u_event_arbiter/event_lost_count_reg[15]_i_4/CO[0]
                         net (fo=16, routed)          0.862    10.350    u_event_arbiter/p_0_in__0[16]
    SLICE_X9Y66          LUT4 (Prop_lut4_I3_O)        0.367    10.717 r  u_event_arbiter/event_lost_count[5]_i_1/O
                         net (fo=1, routed)           0.000    10.717    u_event_arbiter/event_lost_count[5]_i_1_n_0
    SLICE_X9Y66          FDCE                                         r  u_event_arbiter/event_lost_count_reg[5]/D
  -------------------------------------------------------------------    -------------------

                         (clock core_clk rise edge)
                                                     10.000    10.000 r  
                                                      0.000    10.000 r  clk (IN)
                         net (fo=3736, unset)         0.924    10.924    u_event_arbiter/clk
    SLICE_X9Y66          FDCE                                         r  u_event_arbiter/event_lost_count_reg[5]/C
                         clock pessimism              0.000    10.924    
                         clock uncertainty           -0.035    10.889    
    SLICE_X9Y66          FDCE (Setup_fdce_C_D)        0.032    10.921    u_event_arbiter/event_lost_count_reg[5]
  -------------------------------------------------------------------
                         required time                         10.921    
                         arrival time                         -10.717    
  -------------------------------------------------------------------
                         slack                                  0.204    

Slack (MET) :             0.254ns  (required time - arrival time)
  Source:                 u_event_fifo/count_reg[4]/C
                            (rising edge-triggered cell FDCE clocked by core_clk  {rise@0.000ns fall@5.000ns period=10.000ns})
  Destination:            u_event_arbiter/event_lost_count_reg[6]/D
                            (rising edge-triggered cell FDCE clocked by core_clk  {rise@0.000ns fall@5.000ns period=10.000ns})
  Path Group:             core_clk
  Path Type:              Setup (Max at Slow Process Corner)
  Requirement:            10.000ns  (core_clk rise@10.000ns - core_clk rise@0.000ns)
  Data Path Delay:        9.737ns  (logic 3.045ns (31.274%)  route 6.692ns (68.726%))
  Logic Levels:           14  (CARRY4=5 LUT2=3 LUT4=3 LUT5=2 LUT6=1)
  Clock Path Skew:        -0.049ns (DCD - SCD + CPR)
    Destination Clock Delay (DCD):    0.924ns = ( 10.924 - 10.000 ) 
    Source Clock Delay      (SCD):    0.973ns
    Clock Pessimism Removal (CPR):    0.000ns
  Clock Uncertainty:      0.035ns  ((TSJ^2 + TIJ^2)^1/2 + DJ) / 2 + PE
    Total System Jitter     (TSJ):    0.071ns
    Total Input Jitter      (TIJ):    0.000ns
    Discrete Jitter          (DJ):    0.000ns
    Phase Error              (PE):    0.000ns

    Location             Delay type                Incr(ns)  Path(ns)    Netlist Resource(s)
  -------------------------------------------------------------------    -------------------
                         (clock core_clk rise edge)
                                                      0.000     0.000 r  
                                                      0.000     0.000 r  clk (IN)
                         net (fo=3736, unset)         0.973     0.973    u_event_fifo/clk
    SLICE_X9Y59          FDCE                                         r  u_event_fifo/count_reg[4]/C
  -------------------------------------------------------------------    -------------------
    SLICE_X9Y59          FDCE (Prop_fdce_C_Q)         0.456     1.429 r  u_event_fifo/count_reg[4]/Q
                         net (fo=5, routed)           1.016     2.445    u_event_fifo/event_fifo_count[4]
    SLICE_X8Y59          LUT6 (Prop_lut6_I1_O)        0.124     2.569 f  u_event_fifo/write_ptr[3]_i_4/O
                         net (fo=6, routed)           0.449     3.017    u_event_fifo/fifo_pop_request_reg
    SLICE_X8Y60          LUT2 (Prop_lut2_I0_O)        0.124     3.141 f  u_event_fifo/pending_valid[15]_i_2/O
                         net (fo=63, routed)          0.919     4.060    u_event_arbiter/arbiter_event_ready
    SLICE_X10Y62         LUT4 (Prop_lut4_I2_O)        0.124     4.184 r  u_event_arbiter/event_lost_pulse_i_29/O
                         net (fo=3, routed)           0.684     4.868    u_event_arbiter/event_lost_pulse_i_29_n_0
    SLICE_X10Y62         LUT4 (Prop_lut4_I1_O)        0.124     4.992 r  u_event_arbiter/event_lost_count[0]_i_5/O
                         net (fo=3, routed)           0.767     5.759    u_event_arbiter/event_lost_count[0]_i_5_n_0
    SLICE_X8Y64          LUT2 (Prop_lut2_I1_O)        0.149     5.908 r  u_event_arbiter/event_lost_pulse_i_16/O
                         net (fo=2, routed)           0.795     6.703    u_event_arbiter/event_lost_pulse_i_16_n_0
    SLICE_X5Y65          LUT5 (Prop_lut5_I2_O)        0.355     7.058 r  u_event_arbiter/event_lost_pulse_i_6/O
                         net (fo=3, routed)           0.869     7.927    u_event_arbiter/event_lost_pulse_i_6_n_0
    SLICE_X5Y65          LUT5 (Prop_lut5_I1_O)        0.124     8.051 r  u_event_arbiter/event_lost_count[3]_i_3/O
                         net (fo=2, routed)           0.331     8.382    u_event_arbiter/event_lost_count[3]_i_3_n_0
    SLICE_X6Y64          LUT2 (Prop_lut2_I1_O)        0.124     8.506 r  u_event_arbiter/event_lost_count[3]_i_4/O
                         net (fo=1, routed)           0.000     8.506    u_event_arbiter/event_lost_count[3]_i_4_n_0
    SLICE_X6Y64          CARRY4 (Prop_carry4_S[3]_CO[3])
                                                      0.376     8.882 r  u_event_arbiter/event_lost_count_reg[3]_i_2/CO[3]
                         net (fo=1, routed)           0.000     8.882    u_event_arbiter/event_lost_count_reg[3]_i_2_n_0
    SLICE_X6Y65          CARRY4 (Prop_carry4_CI_CO[3])
                                                      0.117     8.999 r  u_event_arbiter/event_lost_count_reg[7]_i_2/CO[3]
                         net (fo=1, routed)           0.000     8.999    u_event_arbiter/event_lost_count_reg[7]_i_2_n_0
    SLICE_X6Y66          CARRY4 (Prop_carry4_CI_CO[3])
                                                      0.117     9.116 r  u_event_arbiter/event_lost_count_reg[11]_i_2/CO[3]
                         net (fo=1, routed)           0.000     9.116    u_event_arbiter/event_lost_count_reg[11]_i_2_n_0
    SLICE_X6Y67          CARRY4 (Prop_carry4_CI_CO[3])
                                                      0.117     9.233 r  u_event_arbiter/event_lost_count_reg[15]_i_3/CO[3]
                         net (fo=1, routed)           0.000     9.233    u_event_arbiter/event_lost_count_reg[15]_i_3_n_0
    SLICE_X6Y68          CARRY4 (Prop_carry4_CI_CO[0])
                                                      0.254     9.487 r  u_event_arbiter/event_lost_count_reg[15]_i_4/CO[0]
                         net (fo=16, routed)          0.862    10.350    u_event_arbiter/p_0_in__0[16]
    SLICE_X9Y66          LUT4 (Prop_lut4_I3_O)        0.360    10.710 r  u_event_arbiter/event_lost_count[6]_i_1/O
                         net (fo=1, routed)           0.000    10.710    u_event_arbiter/event_lost_count[6]_i_1_n_0
    SLICE_X9Y66          FDCE                                         r  u_event_arbiter/event_lost_count_reg[6]/D
  -------------------------------------------------------------------    -------------------

                         (clock core_clk rise edge)
                                                     10.000    10.000 r  
                                                      0.000    10.000 r  clk (IN)
                         net (fo=3736, unset)         0.924    10.924    u_event_arbiter/clk
    SLICE_X9Y66          FDCE                                         r  u_event_arbiter/event_lost_count_reg[6]/C
                         clock pessimism              0.000    10.924    
                         clock uncertainty           -0.035    10.889    
    SLICE_X9Y66          FDCE (Setup_fdce_C_D)        0.075    10.964    u_event_arbiter/event_lost_count_reg[6]
  -------------------------------------------------------------------
                         required time                         10.964    
                         arrival time                         -10.710    
  -------------------------------------------------------------------
                         slack                                  0.254    

Slack (MET) :             0.406ns  (required time - arrival time)
  Source:                 u_axi_regs/pair_wait_timeout_cycles_reg[26]/C
                            (rising edge-triggered cell FDCE clocked by core_clk  {rise@0.000ns fall@5.000ns period=10.000ns})
  Destination:            u_pair_matcher/out_payload_data_reg[12]/CE
                            (rising edge-triggered cell FDCE clocked by core_clk  {rise@0.000ns fall@5.000ns period=10.000ns})
  Path Group:             core_clk
  Path Type:              Setup (Max at Slow Process Corner)
  Requirement:            10.000ns  (core_clk rise@10.000ns - core_clk rise@0.000ns)
  Data Path Delay:        9.305ns  (logic 3.252ns (34.948%)  route 6.053ns (65.052%))
  Logic Levels:           14  (CARRY4=9 LUT3=2 LUT4=1 LUT5=2)
  Clock Path Skew:        -0.049ns (DCD - SCD + CPR)
    Destination Clock Delay (DCD):    0.924ns = ( 10.924 - 10.000 ) 
    Source Clock Delay      (SCD):    0.973ns
    Clock Pessimism Removal (CPR):    0.000ns
  Clock Uncertainty:      0.035ns  ((TSJ^2 + TIJ^2)^1/2 + DJ) / 2 + PE
    Total System Jitter     (TSJ):    0.071ns
    Total Input Jitter      (TIJ):    0.000ns
    Discrete Jitter          (DJ):    0.000ns
    Phase Error              (PE):    0.000ns

    Location             Delay type                Incr(ns)  Path(ns)    Netlist Resource(s)
  -------------------------------------------------------------------    -------------------
                         (clock core_clk rise edge)
                                                      0.000     0.000 r  
                                                      0.000     0.000 r  clk (IN)
                         net (fo=3736, unset)         0.973     0.973    u_axi_regs/clk
    SLICE_X6Y72          FDCE                                         r  u_axi_regs/pair_wait_timeout_cycles_reg[26]/C
  -------------------------------------------------------------------    -------------------
    SLICE_X6Y72          FDCE (Prop_fdce_C_Q)         0.518     1.491 r  u_axi_regs/pair_wait_timeout_cycles_reg[26]/Q
                         net (fo=5, routed)           0.988     2.479    u_axi_regs/pair_wait_timeout_cycles[26]
    SLICE_X8Y75          LUT5 (Prop_lut5_I3_O)        0.124     2.603 r  u_axi_regs/wait_count[31]_i_107/O
                         net (fo=1, routed)           0.466     3.069    u_axi_regs/wait_count[31]_i_107_n_0
    SLICE_X8Y75          LUT3 (Prop_lut3_I2_O)        0.124     3.193 r  u_axi_regs/wait_count[31]_i_86/O
                         net (fo=61, routed)          0.831     4.024    u_axi_regs/wait_count[31]_i_86_n_0
    SLICE_X7Y69          LUT3 (Prop_lut3_I0_O)        0.124     4.148 r  u_axi_regs/wait_count[31]_i_108/O
                         net (fo=1, routed)           0.332     4.480    u_axi_regs/u_pair_matcher/effective_timeout[0]
    SLICE_X6Y69          CARRY4 (Prop_carry4_CYINIT_CO[3])
                                                      0.595     5.075 r  u_axi_regs/wait_count_reg[31]_i_87/CO[3]
                         net (fo=1, routed)           0.000     5.075    u_axi_regs/wait_count_reg[31]_i_87_n_0
    SLICE_X6Y70          CARRY4 (Prop_carry4_CI_CO[3])
                                                      0.117     5.192 r  u_axi_regs/wait_count_reg[31]_i_68/CO[3]
                         net (fo=1, routed)           0.000     5.192    u_axi_regs/wait_count_reg[31]_i_68_n_0
    SLICE_X6Y71          CARRY4 (Prop_carry4_CI_CO[3])
                                                      0.117     5.309 r  u_axi_regs/wait_count_reg[31]_i_67/CO[3]
                         net (fo=1, routed)           0.000     5.309    u_axi_regs/wait_count_reg[31]_i_67_n_0
    SLICE_X6Y72          CARRY4 (Prop_carry4_CI_CO[3])
                                                      0.117     5.426 r  u_axi_regs/wait_count_reg[31]_i_37/CO[3]
                         net (fo=1, routed)           0.000     5.426    u_axi_regs/wait_count_reg[31]_i_37_n_0
    SLICE_X6Y73          CARRY4 (Prop_carry4_CI_CO[3])
                                                      0.117     5.543 r  u_axi_regs/wait_count_reg[31]_i_36/CO[3]
                         net (fo=1, routed)           0.000     5.543    u_axi_regs/wait_count_reg[31]_i_36_n_0
    SLICE_X6Y74          CARRY4 (Prop_carry4_CI_CO[3])
                                                      0.117     5.660 r  u_axi_regs/wait_count_reg[31]_i_26/CO[3]
                         net (fo=1, routed)           0.009     5.669    u_axi_regs/wait_count_reg[31]_i_26_n_0
    SLICE_X6Y75          CARRY4 (Prop_carry4_CI_CO[3])
                                                      0.117     5.786 r  u_axi_regs/wait_count_reg[31]_i_25/CO[3]
                         net (fo=1, routed)           0.000     5.786    u_axi_regs/wait_count_reg[31]_i_25_n_0
    SLICE_X6Y76          CARRY4 (Prop_carry4_CI_O[2])
                                                      0.239     6.025 r  u_axi_regs/wait_count_reg[31]_i_24/O[2]
                         net (fo=2, routed)           0.815     6.840    u_axi_regs/pair_wait_timeout_cycles_reg[30]_0[2]
    SLICE_X7Y75          LUT4 (Prop_lut4_I0_O)        0.301     7.141 r  u_axi_regs/wait_count[31]_i_11/O
                         net (fo=1, routed)           0.000     7.141    u_axi_regs/wait_count[31]_i_11_n_0
    SLICE_X7Y75          CARRY4 (Prop_carry4_S[3]_CO[3])
                                                      0.401     7.542 r  u_axi_regs/wait_count_reg[31]_i_2/CO[3]
                         net (fo=43, routed)          1.247     8.789    u_axi_regs/wait_count_reg[30][0]
    SLICE_X28Y73         LUT5 (Prop_lut5_I1_O)        0.124     8.913 r  u_axi_regs/out_frame_length[7]_i_1/O
                         net (fo=161, routed)         1.365    10.278    u_pair_matcher/E[0]
    SLICE_X43Y67         FDCE                                         r  u_pair_matcher/out_payload_data_reg[12]/CE
  -------------------------------------------------------------------    -------------------

                         (clock core_clk rise edge)
                                                     10.000    10.000 r  
                                                      0.000    10.000 r  clk (IN)
                         net (fo=3736, unset)         0.924    10.924    u_pair_matcher/clk
    SLICE_X43Y67         FDCE                                         r  u_pair_matcher/out_payload_data_reg[12]/C
                         clock pessimism              0.000    10.924    
                         clock uncertainty           -0.035    10.889    
    SLICE_X43Y67         FDCE (Setup_fdce_C_CE)      -0.205    10.684    u_pair_matcher/out_payload_data_reg[12]
  -------------------------------------------------------------------
                         required time                         10.684    
                         arrival time                         -10.278    
  -------------------------------------------------------------------
                         slack                                  0.406    

Slack (MET) :             0.406ns  (required time - arrival time)
  Source:                 u_axi_regs/pair_wait_timeout_cycles_reg[26]/C
                            (rising edge-triggered cell FDCE clocked by core_clk  {rise@0.000ns fall@5.000ns period=10.000ns})
  Destination:            u_pair_matcher/out_payload_data_reg[25]/CE
                            (rising edge-triggered cell FDCE clocked by core_clk  {rise@0.000ns fall@5.000ns period=10.000ns})
  Path Group:             core_clk
  Path Type:              Setup (Max at Slow Process Corner)
  Requirement:            10.000ns  (core_clk rise@10.000ns - core_clk rise@0.000ns)
  Data Path Delay:        9.305ns  (logic 3.252ns (34.948%)  route 6.053ns (65.052%))
  Logic Levels:           14  (CARRY4=9 LUT3=2 LUT4=1 LUT5=2)
  Clock Path Skew:        -0.049ns (DCD - SCD + CPR)
    Destination Clock Delay (DCD):    0.924ns = ( 10.924 - 10.000 ) 
    Source Clock Delay      (SCD):    0.973ns
    Clock Pessimism Removal (CPR):    0.000ns
  Clock Uncertainty:      0.035ns  ((TSJ^2 + TIJ^2)^1/2 + DJ) / 2 + PE
    Total System Jitter     (TSJ):    0.071ns
    Total Input Jitter      (TIJ):    0.000ns
    Discrete Jitter          (DJ):    0.000ns
    Phase Error              (PE):    0.000ns

    Location             Delay type                Incr(ns)  Path(ns)    Netlist Resource(s)
  -------------------------------------------------------------------    -------------------
                         (clock core_clk rise edge)
                                                      0.000     0.000 r  
                                                      0.000     0.000 r  clk (IN)
                         net (fo=3736, unset)         0.973     0.973    u_axi_regs/clk
    SLICE_X6Y72          FDCE                                         r  u_axi_regs/pair_wait_timeout_cycles_reg[26]/C
  -------------------------------------------------------------------    -------------------
    SLICE_X6Y72          FDCE (Prop_fdce_C_Q)         0.518     1.491 r  u_axi_regs/pair_wait_timeout_cycles_reg[26]/Q
                         net (fo=5, routed)           0.988     2.479    u_axi_regs/pair_wait_timeout_cycles[26]
    SLICE_X8Y75          LUT5 (Prop_lut5_I3_O)        0.124     2.603 r  u_axi_regs/wait_count[31]_i_107/O
                         net (fo=1, routed)           0.466     3.069    u_axi_regs/wait_count[31]_i_107_n_0
    SLICE_X8Y75          LUT3 (Prop_lut3_I2_O)        0.124     3.193 r  u_axi_regs/wait_count[31]_i_86/O
                         net (fo=61, routed)          0.831     4.024    u_axi_regs/wait_count[31]_i_86_n_0
    SLICE_X7Y69          LUT3 (Prop_lut3_I0_O)        0.124     4.148 r  u_axi_regs/wait_count[31]_i_108/O
                         net (fo=1, routed)           0.332     4.480    u_axi_regs/u_pair_matcher/effective_timeout[0]
    SLICE_X6Y69          CARRY4 (Prop_carry4_CYINIT_CO[3])
                                                      0.595     5.075 r  u_axi_regs/wait_count_reg[31]_i_87/CO[3]
                         net (fo=1, routed)           0.000     5.075    u_axi_regs/wait_count_reg[31]_i_87_n_0
    SLICE_X6Y70          CARRY4 (Prop_carry4_CI_CO[3])
                                                      0.117     5.192 r  u_axi_regs/wait_count_reg[31]_i_68/CO[3]
                         net (fo=1, routed)           0.000     5.192    u_axi_regs/wait_count_reg[31]_i_68_n_0
    SLICE_X6Y71          CARRY4 (Prop_carry4_CI_CO[3])
                                                      0.117     5.309 r  u_axi_regs/wait_count_reg[31]_i_67/CO[3]
                         net (fo=1, routed)           0.000     5.309    u_axi_regs/wait_count_reg[31]_i_67_n_0
    SLICE_X6Y72          CARRY4 (Prop_carry4_CI_CO[3])
                                                      0.117     5.426 r  u_axi_regs/wait_count_reg[31]_i_37/CO[3]
                         net (fo=1, routed)           0.000     5.426    u_axi_regs/wait_count_reg[31]_i_37_n_0
    SLICE_X6Y73          CARRY4 (Prop_carry4_CI_CO[3])
                                                      0.117     5.543 r  u_axi_regs/wait_count_reg[31]_i_36/CO[3]
                         net (fo=1, routed)           0.000     5.543    u_axi_regs/wait_count_reg[31]_i_36_n_0
    SLICE_X6Y74          CARRY4 (Prop_carry4_CI_CO[3])
                                                      0.117     5.660 r  u_axi_regs/wait_count_reg[31]_i_26/CO[3]
                         net (fo=1, routed)           0.009     5.669    u_axi_regs/wait_count_reg[31]_i_26_n_0
    SLICE_X6Y75          CARRY4 (Prop_carry4_CI_CO[3])
                                                      0.117     5.786 r  u_axi_regs/wait_count_reg[31]_i_25/CO[3]
                         net (fo=1, routed)           0.000     5.786    u_axi_regs/wait_count_reg[31]_i_25_n_0
    SLICE_X6Y76          CARRY4 (Prop_carry4_CI_O[2])
                                                      0.239     6.025 r  u_axi_regs/wait_count_reg[31]_i_24/O[2]
                         net (fo=2, routed)           0.815     6.840    u_axi_regs/pair_wait_timeout_cycles_reg[30]_0[2]
    SLICE_X7Y75          LUT4 (Prop_lut4_I0_O)        0.301     7.141 r  u_axi_regs/wait_count[31]_i_11/O
                         net (fo=1, routed)           0.000     7.141    u_axi_regs/wait_count[31]_i_11_n_0
    SLICE_X7Y75          CARRY4 (Prop_carry4_S[3]_CO[3])
                                                      0.401     7.542 r  u_axi_regs/wait_count_reg[31]_i_2/CO[3]
                         net (fo=43, routed)          1.247     8.789    u_axi_regs/wait_count_reg[30][0]
    SLICE_X28Y73         LUT5 (Prop_lut5_I1_O)        0.124     8.913 r  u_axi_regs/out_frame_length[7]_i_1/O
                         net (fo=161, routed)         1.365    10.278    u_pair_matcher/E[0]
    SLICE_X43Y67         FDCE                                         r  u_pair_matcher/out_payload_data_reg[25]/CE
  -------------------------------------------------------------------    -------------------

                         (clock core_clk rise edge)
                                                     10.000    10.000 r  
                                                      0.000    10.000 r  clk (IN)
                         net (fo=3736, unset)         0.924    10.924    u_pair_matcher/clk
    SLICE_X43Y67         FDCE                                         r  u_pair_matcher/out_payload_data_reg[25]/C
                         clock pessimism              0.000    10.924    
                         clock uncertainty           -0.035    10.889    
    SLICE_X43Y67         FDCE (Setup_fdce_C_CE)      -0.205    10.684    u_pair_matcher/out_payload_data_reg[25]
  -------------------------------------------------------------------
                         required time                         10.684    
                         arrival time                         -10.278    
  -------------------------------------------------------------------
                         slack                                  0.406    

Slack (MET) :             0.406ns  (required time - arrival time)
  Source:                 u_axi_regs/pair_wait_timeout_cycles_reg[26]/C
                            (rising edge-triggered cell FDCE clocked by core_clk  {rise@0.000ns fall@5.000ns period=10.000ns})
  Destination:            u_pair_matcher/out_payload_data_reg[35]/CE
                            (rising edge-triggered cell FDCE clocked by core_clk  {rise@0.000ns fall@5.000ns period=10.000ns})
  Path Group:             core_clk
  Path Type:              Setup (Max at Slow Process Corner)
  Requirement:            10.000ns  (core_clk rise@10.000ns - core_clk rise@0.000ns)
  Data Path Delay:        9.305ns  (logic 3.252ns (34.948%)  route 6.053ns (65.052%))
  Logic Levels:           14  (CARRY4=9 LUT3=2 LUT4=1 LUT5=2)
  Clock Path Skew:        -0.049ns (DCD - SCD + CPR)
    Destination Clock Delay (DCD):    0.924ns = ( 10.924 - 10.000 ) 
    Source Clock Delay      (SCD):    0.973ns
    Clock Pessimism Removal (CPR):    0.000ns
  Clock Uncertainty:      0.035ns  ((TSJ^2 + TIJ^2)^1/2 + DJ) / 2 + PE
    Total System Jitter     (TSJ):    0.071ns
    Total Input Jitter      (TIJ):    0.000ns
    Discrete Jitter          (DJ):    0.000ns
    Phase Error              (PE):    0.000ns

    Location             Delay type                Incr(ns)  Path(ns)    Netlist Resource(s)
  -------------------------------------------------------------------    -------------------
                         (clock core_clk rise edge)
                                                      0.000     0.000 r  
                                                      0.000     0.000 r  clk (IN)
                         net (fo=3736, unset)         0.973     0.973    u_axi_regs/clk
    SLICE_X6Y72          FDCE                                         r  u_axi_regs/pair_wait_timeout_cycles_reg[26]/C
  -------------------------------------------------------------------    -------------------
    SLICE_X6Y72          FDCE (Prop_fdce_C_Q)         0.518     1.491 r  u_axi_regs/pair_wait_timeout_cycles_reg[26]/Q
                         net (fo=5, routed)           0.988     2.479    u_axi_regs/pair_wait_timeout_cycles[26]
    SLICE_X8Y75          LUT5 (Prop_lut5_I3_O)        0.124     2.603 r  u_axi_regs/wait_count[31]_i_107/O
                         net (fo=1, routed)           0.466     3.069    u_axi_regs/wait_count[31]_i_107_n_0
    SLICE_X8Y75          LUT3 (Prop_lut3_I2_O)        0.124     3.193 r  u_axi_regs/wait_count[31]_i_86/O
                         net (fo=61, routed)          0.831     4.024    u_axi_regs/wait_count[31]_i_86_n_0
    SLICE_X7Y69          LUT3 (Prop_lut3_I0_O)        0.124     4.148 r  u_axi_regs/wait_count[31]_i_108/O
                         net (fo=1, routed)           0.332     4.480    u_axi_regs/u_pair_matcher/effective_timeout[0]
    SLICE_X6Y69          CARRY4 (Prop_carry4_CYINIT_CO[3])
                                                      0.595     5.075 r  u_axi_regs/wait_count_reg[31]_i_87/CO[3]
                         net (fo=1, routed)           0.000     5.075    u_axi_regs/wait_count_reg[31]_i_87_n_0
    SLICE_X6Y70          CARRY4 (Prop_carry4_CI_CO[3])
                                                      0.117     5.192 r  u_axi_regs/wait_count_reg[31]_i_68/CO[3]
                         net (fo=1, routed)           0.000     5.192    u_axi_regs/wait_count_reg[31]_i_68_n_0
    SLICE_X6Y71          CARRY4 (Prop_carry4_CI_CO[3])
                                                      0.117     5.309 r  u_axi_regs/wait_count_reg[31]_i_67/CO[3]
                         net (fo=1, routed)           0.000     5.309    u_axi_regs/wait_count_reg[31]_i_67_n_0
    SLICE_X6Y72          CARRY4 (Prop_carry4_CI_CO[3])
                                                      0.117     5.426 r  u_axi_regs/wait_count_reg[31]_i_37/CO[3]
                         net (fo=1, routed)           0.000     5.426    u_axi_regs/wait_count_reg[31]_i_37_n_0
    SLICE_X6Y73          CARRY4 (Prop_carry4_CI_CO[3])
                                                      0.117     5.543 r  u_axi_regs/wait_count_reg[31]_i_36/CO[3]
                         net (fo=1, routed)           0.000     5.543    u_axi_regs/wait_count_reg[31]_i_36_n_0
    SLICE_X6Y74          CARRY4 (Prop_carry4_CI_CO[3])
                                                      0.117     5.660 r  u_axi_regs/wait_count_reg[31]_i_26/CO[3]
                         net (fo=1, routed)           0.009     5.669    u_axi_regs/wait_count_reg[31]_i_26_n_0
    SLICE_X6Y75          CARRY4 (Prop_carry4_CI_CO[3])
                                                      0.117     5.786 r  u_axi_regs/wait_count_reg[31]_i_25/CO[3]
                         net (fo=1, routed)           0.000     5.786    u_axi_regs/wait_count_reg[31]_i_25_n_0
    SLICE_X6Y76          CARRY4 (Prop_carry4_CI_O[2])
                                                      0.239     6.025 r  u_axi_regs/wait_count_reg[31]_i_24/O[2]
                         net (fo=2, routed)           0.815     6.840    u_axi_regs/pair_wait_timeout_cycles_reg[30]_0[2]
    SLICE_X7Y75          LUT4 (Prop_lut4_I0_O)        0.301     7.141 r  u_axi_regs/wait_count[31]_i_11/O
                         net (fo=1, routed)           0.000     7.141    u_axi_regs/wait_count[31]_i_11_n_0
    SLICE_X7Y75          CARRY4 (Prop_carry4_S[3]_CO[3])
                                                      0.401     7.542 r  u_axi_regs/wait_count_reg[31]_i_2/CO[3]
                         net (fo=43, routed)          1.247     8.789    u_axi_regs/wait_count_reg[30][0]
    SLICE_X28Y73         LUT5 (Prop_lut5_I1_O)        0.124     8.913 r  u_axi_regs/out_frame_length[7]_i_1/O
                         net (fo=161, routed)         1.365    10.278    u_pair_matcher/E[0]
    SLICE_X43Y67         FDCE                                         r  u_pair_matcher/out_payload_data_reg[35]/CE
  -------------------------------------------------------------------    -------------------

                         (clock core_clk rise edge)
                                                     10.000    10.000 r  
                                                      0.000    10.000 r  clk (IN)
                         net (fo=3736, unset)         0.924    10.924    u_pair_matcher/clk
    SLICE_X43Y67         FDCE                                         r  u_pair_matcher/out_payload_data_reg[35]/C
                         clock pessimism              0.000    10.924    
                         clock uncertainty           -0.035    10.889    
    SLICE_X43Y67         FDCE (Setup_fdce_C_CE)      -0.205    10.684    u_pair_matcher/out_payload_data_reg[35]
  -------------------------------------------------------------------
                         required time                         10.684    
                         arrival time                         -10.278    
  -------------------------------------------------------------------
                         slack                                  0.406    




