Copyright 1986-2022 Xilinx, Inc. All Rights Reserved. Copyright 2022-2024 Advanced Micro Devices, Inc. All Rights Reserved.
---------------------------------------------------------------------------------------------------------------------------------------------
| Tool Version : Vivado v.2024.2 (lin64) Build 5239630 Fri Nov 08 22:34:34 MST 2024
| Date         : Tue Sep  8 16:37:56 2026
| Host         : dlgus0630-850XAC running 64-bit Ubuntu 24.04.4 LTS
| Command      : report_timing_summary -report_unconstrained -file /tmp/rs422-analysis/ooc-constrained/timing_summary.rpt
| Design       : redundant_link_core
| Device       : 7a35t-cpg236
| Speed File   : -1  PRODUCTION 1.23 2018-06-13
| Design State : Routed
---------------------------------------------------------------------------------------------------------------------------------------------

Timing Summary Report

------------------------------------------------------------------------------------------------
| Timer Settings
| --------------
------------------------------------------------------------------------------------------------

  Enable Multi Corner Analysis               :  Yes
  Enable Pessimism Removal                   :  Yes
  Pessimism Removal Resolution               :  Nearest Common Node
  Enable Input Delay Default Clock           :  No
  Enable Preset / Clear Arcs                 :  No
  Disable Flight Delays                      :  No
  Ignore I/O Paths                           :  No
  Timing Early Launch at Borrowing Latches   :  No
  Borrow Time for Max Delay Exceptions       :  Yes
  Merge Timing Exceptions                    :  Yes
  Inter-SLR Compensation                     :  Conservative

  Corner  Analyze    Analyze    
  Name    Max Paths  Min Paths  
  ------  ---------  ---------  
  Slow    Yes        Yes        
  Fast    Yes        Yes        


------------------------------------------------------------------------------------------------
| Report Methodology
| ------------------
------------------------------------------------------------------------------------------------

No report available as report_methodology has not been run prior. Run report_methodology on the current design for the summary of methodology violations.



check_timing report

Table of Contents
-----------------
1. checking no_clock (0)
2. checking constant_clock (0)
3. checking pulse_width_clock (0)
4. checking unconstrained_internal_endpoints (0)
5. checking no_input_delay (58)
6. checking no_output_delay (54)
7. checking multiple_clock (0)
8. checking generated_clocks (0)
9. checking loops (0)
10. checking partial_input_delay (0)
11. checking partial_output_delay (0)
12. checking latch_loops (0)

1. checking no_clock (0)
------------------------
 There are 0 register/latch pins with no clock.


2. checking constant_clock (0)
------------------------------
 There are 0 register/latch pins with constant_clock.


3. checking pulse_width_clock (0)
---------------------------------
 There are 0 register/latch pins which need pulse_width check


4. checking unconstrained_internal_endpoints (0)
------------------------------------------------
 There are 0 pins that are not constrained for maximum delay.

 There are 0 pins that are not constrained for maximum delay due to constant clock.


5. checking no_input_delay (58)
-------------------------------
 There are 58 input ports with no input delay specified. (HIGH)

 There are 0 input ports with no input delay but user has a false path constraint.


6. checking no_output_delay (54)
--------------------------------
 There are 54 ports with no output delay specified. (HIGH)

 There are 0 ports with no output delay but user has a false path constraint

 There are 0 ports with no output delay but with a timing clock defined on it or propagating through it


7. checking multiple_clock (0)
------------------------------
 There are 0 register/latch pins with multiple clocks.


8. checking generated_clocks (0)
--------------------------------
 There are 0 generated clocks that are not connected to a clock source.


9. checking loops (0)
---------------------
 There are 0 combinational loops in the design.


10. checking partial_input_delay (0)
------------------------------------
 There are 0 input ports with partial input delay specified.


11. checking partial_output_delay (0)
-------------------------------------
 There are 0 ports with partial output delay specified.


12. checking latch_loops (0)
----------------------------
 There are 0 combinational latch loops in the design through latch input



------------------------------------------------------------------------------------------------
| Design Timing Summary
| ---------------------
------------------------------------------------------------------------------------------------

    WNS(ns)      TNS(ns)  TNS Failing Endpoints  TNS Total Endpoints      WHS(ns)      THS(ns)  THS Failing Endpoints  THS Total Endpoints     WPWS(ns)     TPWS(ns)  TPWS Failing Endpoints  TPWS Total Endpoints  
    -------      -------  ---------------------  -------------------      -------      -------  ---------------------  -------------------     --------     --------  ----------------------  --------------------  
      0.204        0.000                      0                 8350        0.028        0.000                      0                 8350        3.750        0.000                       0                  3737  


All user specified timing constraints are met.


------------------------------------------------------------------------------------------------
| Clock Summary
| -------------
------------------------------------------------------------------------------------------------

Clock     Waveform(ns)       Period(ns)      Frequency(MHz)
-----     ------------       ----------      --------------
core_clk  {0.000 5.000}      10.000          100.000         


------------------------------------------------------------------------------------------------
| Intra Clock Table
| -----------------
------------------------------------------------------------------------------------------------

Clock             WNS(ns)      TNS(ns)  TNS Failing Endpoints  TNS Total Endpoints      WHS(ns)      THS(ns)  THS Failing Endpoints  THS Total Endpoints     WPWS(ns)     TPWS(ns)  TPWS Failing Endpoints  TPWS Total Endpoints  
-----             -------      -------  ---------------------  -------------------      -------      -------  ---------------------  -------------------     --------     --------  ----------------------  --------------------  
core_clk            0.204        0.000                      0                 8350        0.028        0.000                      0                 8350        3.750        0.000                       0                  3737  


------------------------------------------------------------------------------------------------
| Inter Clock Table
| -----------------
------------------------------------------------------------------------------------------------

From Clock    To Clock          WNS(ns)      TNS(ns)  TNS Failing Endpoints  TNS Total Endpoints      WHS(ns)      THS(ns)  THS Failing Endpoints  THS Total Endpoints  
----------    --------          -------      -------  ---------------------  -------------------      -------      -------  ---------------------  -------------------  


------------------------------------------------------------------------------------------------
| Other Path Groups Table
| -----------------------
------------------------------------------------------------------------------------------------

Path Group    From Clock    To Clock          WNS(ns)      TNS(ns)  TNS Failing Endpoints  TNS Total Endpoints      WHS(ns)      THS(ns)  THS Failing Endpoints  THS Total Endpoints  
----------    ----------    --------          -------      -------  ---------------------  -------------------      -------      -------  ---------------------  -------------------  


------------------------------------------------------------------------------------------------
| User Ignored Path Table
| -----------------------
------------------------------------------------------------------------------------------------

Path Group    From Clock    To Clock    
----------    ----------    --------    


------------------------------------------------------------------------------------------------
| Unconstrained Path Table
| ------------------------
------------------------------------------------------------------------------------------------

Path Group    From Clock    To Clock    
----------    ----------    --------    
(none)                                    
(none)        core_clk                    
(none)                      core_clk      


------------------------------------------------------------------------------------------------
| Timing Details
| --------------
------------------------------------------------------------------------------------------------


---------------------------------------------------------------------------------------------------
From Clock:  core_clk
  To Clock:  core_clk

Setup :            0  Failing Endpoints,  Worst Slack        0.204ns,  Total Violation        0.000ns
Hold  :            0  Failing Endpoints,  Worst Slack        0.028ns,  Total Violation        0.000ns
PW    :            0  Failing Endpoints,  Worst Slack        3.750ns,  Total Violation        0.000ns
---------------------------------------------------------------------------------------------------


Max Delay Paths
--------------------------------------------------------------------------------------
Slack (MET) :             0.204ns  (required time - arrival time)
  Source:                 u_event_fifo/count_reg[4]/C
                            (rising edge-triggered cell FDCE clocked by core_clk  {rise@0.000ns fall@5.000ns period=10.000ns})
  Destination:            u_event_arbiter/event_lost_count_reg[5]/D
                            (rising edge-triggered cell FDCE clocked by core_clk  {rise@0.000ns fall@5.000ns period=10.000ns})
  Path Group:             core_clk
  Path Type:              Setup (Max at Slow Process Corner)
  Requirement:            10.000ns  (core_clk rise@10.000ns - core_clk rise@0.000ns)
  Data Path Delay:        9.744ns  (logic 3.052ns (31.323%)  route 6.692ns (68.677%))
  Logic Levels:           14  (CARRY4=5 LUT2=3 LUT4=3 LUT5=2 LUT6=1)
  Clock Path Skew:        -0.049ns (DCD - SCD + CPR)
    Destination Clock Delay (DCD):    0.924ns = ( 10.924 - 10.000 ) 
    Source Clock Delay      (SCD):    0.973ns
    Clock Pessimism Removal (CPR):    0.000ns
  Clock Uncertainty:      0.035ns  ((TSJ^2 + TIJ^2)^1/2 + DJ) / 2 + PE
    Total System Jitter     (TSJ):    0.071ns
    Total Input Jitter      (TIJ):    0.000ns
    Discrete Jitter          (DJ):    0.000ns
    Phase Error              (PE):    0.000ns

    Location             Delay type                Incr(ns)  Path(ns)    Netlist Resource(s)
  -------------------------------------------------------------------    -------------------
                         (clock core_clk rise edge)
                                                      0.000     0.000 r  
                                                      0.000     0.000 r  clk (IN)
                         net (fo=3736, unset)         0.973     0.973    u_event_fifo/clk
    SLICE_X9Y59          FDCE                                         r  u_event_fifo/count_reg[4]/C
  -------------------------------------------------------------------    -------------------
    SLICE_X9Y59          FDCE (Prop_fdce_C_Q)         0.456     1.429 r  u_event_fifo/count_reg[4]/Q
                         net (fo=5, routed)           1.016     2.445    u_event_fifo/event_fifo_count[4]
    SLICE_X8Y59          LUT6 (Prop_lut6_I1_O)        0.124     2.569 f  u_event_fifo/write_ptr[3]_i_4/O
                         net (fo=6, routed)           0.449     3.017    u_event_fifo/fifo_pop_request_reg
    SLICE_X8Y60          LUT2 (Prop_lut2_I0_O)        0.124     3.141 f  u_event_fifo/pending_valid[15]_i_2/O
                         net (fo=63, routed)          0.919     4.060    u_event_arbiter/arbiter_event_ready
    SLICE_X10Y62         LUT4 (Prop_lut4_I2_O)        0.124     4.184 r  u_event_arbiter/event_lost_pulse_i_29/O
                         net (fo=3, routed)           0.684     4.868    u_event_arbiter/event_lost_pulse_i_29_n_0
    SLICE_X10Y62         LUT4 (Prop_lut4_I1_O)        0.124     4.992 r  u_event_arbiter/event_lost_count[0]_i_5/O
                         net (fo=3, routed)           0.767     5.759    u_event_arbiter/event_lost_count[0]_i_5_n_0
    SLICE_X8Y64          LUT2 (Prop_lut2_I1_O)        0.149     5.908 r  u_event_arbiter/event_lost_pulse_i_16/O
                         net (fo=2, routed)           0.795     6.703    u_event_arbiter/event_lost_pulse_i_16_n_0
    SLICE_X5Y65          LUT5 (Prop_lut5_I2_O)        0.355     7.058 r  u_event_arbiter/event_lost_pulse_i_6/O
                         net (fo=3, routed)           0.869     7.927    u_event_arbiter/event_lost_pulse_i_6_n_0
    SLICE_X5Y65          LUT5 (Prop_lut5_I1_O)        0.124     8.051 r  u_event_arbiter/event_lost_count[3]_i_3/O
                         net (fo=2, routed)           0.331     8.382    u_event_arbiter/event_lost_count[3]_i_3_n_0
    SLICE_X6Y64          LUT2 (Prop_lut2_I1_O)        0.124     8.506 r  u_event_arbiter/event_lost_count[3]_i_4/O
                         net (fo=1, routed)           0.000     8.506    u_event_arbiter/event_lost_count[3]_i_4_n_0
    SLICE_X6Y64          CARRY4 (Prop_carry4_S[3]_CO[3])
                                                      0.376     8.882 r  u_event_arbiter/event_lost_count_reg[3]_i_2/CO[3]
                         net (fo=1, routed)           0.000     8.882    u_event_arbiter/event_lost_count_reg[3]_i_2_n_0
    SLICE_X6Y65          CARRY4 (Prop_carry4_CI_CO[3])
                                                      0.117     8.999 r  u_event_arbiter/event_lost_count_reg[7]_i_2/CO[3]
                         net (fo=1, routed)           0.000     8.999    u_event_arbiter/event_lost_count_reg[7]_i_2_n_0
    SLICE_X6Y66          CARRY4 (Prop_carry4_CI_CO[3])
                                                      0.117     9.116 r  u_event_arbiter/event_lost_count_reg[11]_i_2/CO[3]
                         net (fo=1, routed)           0.000     9.116    u_event_arbiter/event_lost_count_reg[11]_i_2_n_0
    SLICE_X6Y67          CARRY4 (Prop_carry4_CI_CO[3])
                                                      0.117     9.233 r  u_event_arbiter/event_lost_count_reg[15]_i_3/CO[3]
                         net (fo=1, routed)           0.000     9.233    u_event_arbiter/event_lost_count_reg[15]_i_3_n_0
    SLICE_X6Y68          CARRY4 (Prop_carry4_CI_CO[0])
                                                      0.254     9.487 r  u_event_arbiter/event_lost_count_reg[15]_i_4/CO[0]
                         net (fo=16, routed)          0.862    10.350    u_event_arbiter/p_0_in__0[16]
    SLICE_X9Y66          LUT4 (Prop_lut4_I3_O)        0.367    10.717 r  u_event_arbiter/event_lost_count[5]_i_1/O
                         net (fo=1, routed)           0.000    10.717    u_event_arbiter/event_lost_count[5]_i_1_n_0
    SLICE_X9Y66          FDCE                                         r  u_event_arbiter/event_lost_count_reg[5]/D
  -------------------------------------------------------------------    -------------------

                         (clock core_clk rise edge)
                                                     10.000    10.000 r  
                                                      0.000    10.000 r  clk (IN)
                         net (fo=3736, unset)         0.924    10.924    u_event_arbiter/clk
    SLICE_X9Y66          FDCE                                         r  u_event_arbiter/event_lost_count_reg[5]/C
                         clock pessimism              0.000    10.924    
                         clock uncertainty           -0.035    10.889    
    SLICE_X9Y66          FDCE (Setup_fdce_C_D)        0.032    10.921    u_event_arbiter/event_lost_count_reg[5]
  -------------------------------------------------------------------
                         required time                         10.921    
                         arrival time                         -10.717    
  -------------------------------------------------------------------
                         slack                                  0.204    





Min Delay Paths
--------------------------------------------------------------------------------------
Slack (MET) :             0.028ns  (arrival time - required time)
  Source:                 u_raw_buffer/write_ptr_reg[0]/C
                            (rising edge-triggered cell FDCE clocked by core_clk  {rise@0.000ns fall@5.000ns period=10.000ns})
  Destination:            u_raw_buffer/fifo_mem_reg_0_1_144_149/RAMA/WADR0
                            (rising edge-triggered cell RAMD32 clocked by core_clk  {rise@0.000ns fall@5.000ns period=10.000ns})
  Path Group:             core_clk
  Path Type:              Hold (Min at Fast Process Corner)
  Requirement:            0.000ns  (core_clk rise@0.000ns - core_clk rise@0.000ns)
  Data Path Delay:        0.359ns  (logic 0.141ns (39.228%)  route 0.218ns (60.772%))
  Logic Levels:           0  
  Clock Path Skew:        0.022ns (DCD - SCD - CPR)
    Destination Clock Delay (DCD):    0.432ns
    Source Clock Delay      (SCD):    0.410ns
    Clock Pessimism Removal (CPR):    -0.000ns

    Location             Delay type                Incr(ns)  Path(ns)    Netlist Resource(s)
  -------------------------------------------------------------------    -------------------
                         (clock core_clk rise edge)
                                                      0.000     0.000 r  
                                                      0.000     0.000 r  clk (IN)
                         net (fo=3736, unset)         0.410     0.410    u_raw_buffer/clk
    SLICE_X31Y81         FDCE                                         r  u_raw_buffer/write_ptr_reg[0]/C
  -------------------------------------------------------------------    -------------------
    SLICE_X31Y81         FDCE (Prop_fdce_C_Q)         0.141     0.551 r  u_raw_buffer/write_ptr_reg[0]/Q
                         net (fo=241, routed)         0.218     0.770    u_raw_buffer/fifo_mem_reg_0_1_144_149/ADDRD0
    SLICE_X30Y81         RAMD32                                       r  u_raw_buffer/fifo_mem_reg_0_1_144_149/RAMA/WADR0
  -------------------------------------------------------------------    -------------------

                         (clock core_clk rise edge)
                                                      0.000     0.000 r  
                                                      0.000     0.000 r  clk (IN)
                         net (fo=3736, unset)         0.432     0.432    u_raw_buffer/fifo_mem_reg_0_1_144_149/WCLK
    SLICE_X30Y81         RAMD32                                       r  u_raw_buffer/fifo_mem_reg_0_1_144_149/RAMA/CLK
                         clock pessimism              0.000     0.432    
    SLICE_X30Y81         RAMD32 (Hold_ramd32_CLK_WADR0)
                                                      0.310     0.742    u_raw_buffer/fifo_mem_reg_0_1_144_149/RAMA
  -------------------------------------------------------------------
                         required time                         -0.742    
                         arrival time                           0.770    
  -------------------------------------------------------------------
                         slack                                  0.028    





Pulse Width Checks
--------------------------------------------------------------------------------------
Clock Name:         core_clk
Waveform(ns):       { 0.000 5.000 }
Period(ns):         10.000
Sources:            { clk }

Check Type        Corner  Lib Pin     Reference Pin  Required(ns)  Actual(ns)  Slack(ns)  Location      Pin
Min Period        n/a     FDCE/C      n/a            1.000         10.000      9.000      SLICE_X15Y71  a_channel_count_reg[0]/C
Low Pulse Width   Slow    RAMD32/CLK  n/a            1.250         5.000       3.750      SLICE_X6Y61   u_event_fifo/fifo_mem_reg_0_15_0_5/RAMA/CLK
High Pulse Width  Slow    RAMD32/CLK  n/a            1.250         5.000       3.750      SLICE_X6Y61   u_event_fifo/fifo_mem_reg_0_15_0_5/RAMA/CLK



--------------------------------------------------------------------------------------
Path Group:  (none)
From Clock:  
  To Clock:  

Max Delay            13 Endpoints
Min Delay            13 Endpoints
--------------------------------------------------------------------------------------


Max Delay Paths
--------------------------------------------------------------------------------------
Slack:                    inf
  Source:                 reset_p
                            (input port)
  Destination:            an[0]
                            (output port)
  Path Group:             (none)
  Path Type:              Max at Slow Process Corner
  Data Path Delay:        2.070ns  (logic 0.124ns (5.990%)  route 1.946ns (94.010%))
  Logic Levels:           1  (LUT3=1)

    Location             Delay type                Incr(ns)  Path(ns)    Netlist Resource(s)
  -------------------------------------------------------------------    -------------------
                                                      0.000     0.000 r  reset_p (IN)
                         net (fo=2206, unset)         0.973     0.973    u_status_display/reset_p
    SLICE_X13Y79         LUT3 (Prop_lut3_I2_O)        0.124     1.097 r  u_status_display/an[0]_INST_0/O
                         net (fo=0)                   0.973     2.070    an[0]
                                                                      r  an[0] (OUT)
  -------------------------------------------------------------------    -------------------





Min Delay Paths
--------------------------------------------------------------------------------------
Slack:                    inf
  Source:                 reset_p
                            (input port)
  Destination:            an[0]
                            (output port)
  Path Group:             (none)
  Path Type:              Min at Fast Process Corner
  Data Path Delay:        0.865ns  (logic 0.045ns (5.201%)  route 0.820ns (94.799%))
  Logic Levels:           1  (LUT3=1)

    Location             Delay type                Incr(ns)  Path(ns)    Netlist Resource(s)
  -------------------------------------------------------------------    -------------------
                                                      0.000     0.000 r  reset_p (IN)
                         net (fo=2206, unset)         0.410     0.410    u_status_display/reset_p
    SLICE_X13Y79         LUT3 (Prop_lut3_I2_O)        0.045     0.455 r  u_status_display/an[0]_INST_0/O
                         net (fo=0)                   0.410     0.865    an[0]
                                                                      r  an[0] (OUT)
  -------------------------------------------------------------------    -------------------





--------------------------------------------------------------------------------------
Path Group:  (none)
From Clock:  core_clk
  To Clock:  

Max Delay            54 Endpoints
Min Delay            54 Endpoints
--------------------------------------------------------------------------------------


Max Delay Paths
--------------------------------------------------------------------------------------
Slack:                    inf
  Source:                 u_health/a_fault_reg/C
                            (rising edge-triggered cell FDCE clocked by core_clk  {rise@0.000ns fall@5.000ns period=10.000ns})
  Destination:            seg[2]
                            (output port)
  Path Group:             (none)
  Path Type:              Max at Slow Process Corner
  Data Path Delay:        6.186ns  (logic 1.080ns (17.459%)  route 5.106ns (82.541%))
  Logic Levels:           3  (LUT2=1 LUT6=2)
  Clock Uncertainty:      0.025ns  ((TSJ^2 + TIJ^2)^1/2 + DJ) / 2 + PE
    Total System Jitter     (TSJ):    0.050ns
    Total Input Jitter      (TIJ):    0.000ns
    Discrete Jitter          (DJ):    0.000ns
    Phase Error              (PE):    0.000ns

    Location             Delay type                Incr(ns)  Path(ns)    Netlist Resource(s)
  -------------------------------------------------------------------    -------------------
                         (clock core_clk rise edge)
                                                      0.000     0.000 r  
                                                      0.000     0.000 r  clk (IN)
                         net (fo=3736, unset)         0.973     0.973    u_health/clk
    SLICE_X4Y65          FDCE                                         r  u_health/a_fault_reg/C
  -------------------------------------------------------------------    -------------------
    SLICE_X4Y65          FDCE (Prop_fdce_C_Q)         0.456     1.429 r  u_health/a_fault_reg/Q
                         net (fo=17, routed)          2.220     3.649    u_status_display/a_fault
    SLICE_X12Y78         LUT6 (Prop_lut6_I5_O)        0.124     3.773 r  u_status_display/g0_b6_i_6/O
                         net (fo=4, routed)           1.042     4.816    u_status_display/g0_b6_i_6_n_0
    SLICE_X14Y77         LUT2 (Prop_lut2_I0_O)        0.152     4.968 r  u_status_display/g0_b6_i_3/O
                         net (fo=7, routed)           0.870     5.838    u_status_display/g0_b6_i_3_n_0
    SLICE_X15Y76         LUT6 (Prop_lut6_I2_O)        0.348     6.186 r  u_status_display/g0_b2/O
                         net (fo=0)                   0.973     7.159    seg[2]
                                                                      r  seg[2] (OUT)
  -------------------------------------------------------------------    -------------------





Min Delay Paths
--------------------------------------------------------------------------------------
Slack:                    inf
  Source:                 u_uart_tx/uart_txd_reg/C
                            (rising edge-triggered cell FDPE clocked by core_clk  {rise@0.000ns fall@5.000ns period=10.000ns})
  Destination:            rs422_tx_out
                            (output port)
  Path Group:             (none)
  Path Type:              Min at Fast Process Corner
  Data Path Delay:        0.551ns  (logic 0.141ns (25.583%)  route 0.410ns (74.417%))
  Logic Levels:           0  
  Clock Uncertainty:      0.025ns  ((TSJ^2 + TIJ^2)^1/2 + DJ) / 2 + PE
    Total System Jitter     (TSJ):    0.050ns
    Total Input Jitter      (TIJ):    0.000ns
    Discrete Jitter          (DJ):    0.000ns
    Phase Error              (PE):    0.000ns

    Location             Delay type                Incr(ns)  Path(ns)    Netlist Resource(s)
  -------------------------------------------------------------------    -------------------
                         (clock core_clk rise edge)
                                                      0.000     0.000 r  
                                                      0.000     0.000 r  clk (IN)
                         net (fo=3736, unset)         0.410     0.410    u_uart_tx/clk
    SLICE_X40Y83         FDPE                                         r  u_uart_tx/uart_txd_reg/C
  -------------------------------------------------------------------    -------------------
    SLICE_X40Y83         FDPE (Prop_fdpe_C_Q)         0.141     0.551 r  u_uart_tx/uart_txd_reg/Q
                         net (fo=0)                   0.410     0.961    rs422_tx_out
                                                                      r  rs422_tx_out (OUT)
  -------------------------------------------------------------------    -------------------





--------------------------------------------------------------------------------------
Path Group:  (none)
From Clock:  
  To Clock:  core_clk

Max Delay          4621 Endpoints
Min Delay          4621 Endpoints
--------------------------------------------------------------------------------------


Max Delay Paths
--------------------------------------------------------------------------------------
Slack:                    inf
  Source:                 s_axil_awaddr[4]
                            (input port)
  Destination:            u_axi_regs/channel_timeout_cycles_reg[16]/CE
                            (rising edge-triggered cell FDPE clocked by core_clk  {rise@0.000ns fall@5.000ns period=10.000ns})
  Path Group:             (none)
  Path Type:              Setup (Max at Slow Process Corner)
  Data Path Delay:        7.900ns  (logic 1.331ns (16.849%)  route 6.569ns (83.151%))
  Logic Levels:           7  (LUT2=1 LUT3=1 LUT4=1 LUT5=1 LUT6=3)
  Clock Path Skew:        0.924ns (DCD - SCD + CPR)
    Destination Clock Delay (DCD):    0.924ns
    Source Clock Delay      (SCD):    0.000ns
    Clock Pessimism Removal (CPR):    0.000ns
  Clock Uncertainty:      0.025ns  ((TSJ^2 + TIJ^2)^1/2 + DJ) / 2 + PE
    Total System Jitter     (TSJ):    0.050ns
    Total Input Jitter      (TIJ):    0.000ns
    Discrete Jitter          (DJ):    0.000ns
    Phase Error              (PE):    0.000ns

    Location             Delay type                Incr(ns)  Path(ns)    Netlist Resource(s)
  -------------------------------------------------------------------    -------------------
                                                      0.000     0.000 r  s_axil_awaddr[4] (IN)
                         net (fo=2, unset)            0.973     0.973    u_axi_regs/s_axil_awaddr[4]
    SLICE_X9Y79          LUT3 (Prop_lut3_I2_O)        0.154     1.127 r  u_axi_regs/output_device_id[7]_i_4/O
                         net (fo=14, routed)          0.941     2.068    u_axi_regs/write_addr[4]
    SLICE_X9Y80          LUT6 (Prop_lut6_I2_O)        0.327     2.395 r  u_axi_regs/s_axil_bresp[1]_i_2/O
                         net (fo=2, routed)           0.913     3.308    u_axi_regs/s_axil_bresp[1]_i_2_n_0
    SLICE_X7Y80          LUT5 (Prop_lut5_I3_O)        0.152     3.460 r  u_axi_regs/statistics_clear_pulse_i_4/O
                         net (fo=14, routed)          0.837     4.296    u_axi_regs/statistics_clear_pulse_i_4_n_0
    SLICE_X10Y80         LUT6 (Prop_lut6_I0_O)        0.326     4.622 r  u_axi_regs/command_map_2[7]_i_3/O
                         net (fo=4, routed)           0.489     5.112    u_axi_regs/command_map_2[7]_i_3_n_0
    SLICE_X11Y79         LUT2 (Prop_lut2_I0_O)        0.124     5.236 r  u_axi_regs/output_device_id[7]_i_6/O
                         net (fo=5, routed)           0.452     5.688    u_axi_regs/output_device_id[7]_i_6_n_0
    SLICE_X10Y78         LUT6 (Prop_lut6_I0_O)        0.124     5.812 r  u_axi_regs/channel_timeout_cycles[31]_i_2/O
                         net (fo=4, routed)           1.062     6.874    u_axi_regs/channel_timeout_cycles[31]_i_2_n_0
    SLICE_X3Y73          LUT4 (Prop_lut4_I0_O)        0.124     6.998 r  u_axi_regs/channel_timeout_cycles[23]_i_1/O
                         net (fo=8, routed)           0.902     7.900    u_axi_regs/channel_timeout_cycles[23]_i_1_n_0
    SLICE_X11Y72         FDPE                                         r  u_axi_regs/channel_timeout_cycles_reg[16]/CE
  -------------------------------------------------------------------    -------------------

                         (clock core_clk rise edge)
                                                      0.000     0.000 r  
                                                      0.000     0.000 r  clk (IN)
                         net (fo=3736, unset)         0.924     0.924    u_axi_regs/clk
    SLICE_X11Y72         FDPE                                         r  u_axi_regs/channel_timeout_cycles_reg[16]/C





Min Delay Paths
--------------------------------------------------------------------------------------
Slack:                    inf
  Source:                 reset_p
                            (input port)
  Destination:            a_channel_count_reg[0]/CLR
                            (removal check against rising-edge clock core_clk  {rise@0.000ns fall@5.000ns period=10.000ns})
  Path Group:             (none)
  Path Type:              Removal (Min at Fast Process Corner)
  Data Path Delay:        0.410ns  (logic 0.000ns (0.000%)  route 0.410ns (100.000%))
  Logic Levels:           0  
  Clock Path Skew:        0.432ns (DCD - SCD - CPR)
    Destination Clock Delay (DCD):    0.432ns
    Source Clock Delay      (SCD):    0.000ns
    Clock Pessimism Removal (CPR):    -0.000ns

    Location             Delay type                Incr(ns)  Path(ns)    Netlist Resource(s)
  -------------------------------------------------------------------    -------------------
                                                      0.000     0.000 f  reset_p (IN)
                         net (fo=2206, unset)         0.410     0.410    reset_p
    SLICE_X15Y71         FDCE                                         f  a_channel_count_reg[0]/CLR
  -------------------------------------------------------------------    -------------------

                         (clock core_clk rise edge)
                                                      0.000     0.000 r  
                                                      0.000     0.000 r  clk (IN)
                         net (fo=3736, unset)         0.432     0.432    clk
    SLICE_X15Y71         FDCE                                         r  a_channel_count_reg[0]/C





