Copyright 1986-2022 Xilinx, Inc. All Rights Reserved. Copyright 2022-2024 Advanced Micro Devices, Inc. All Rights Reserved.
---------------------------------------------------------------------------------------------------------------------------------------------
| Tool Version : Vivado v.2024.2 (lin64) Build 5239630 Fri Nov 08 22:34:34 MST 2024
| Date         : Tue Sep  8 16:37:57 2026
| Host         : dlgus0630-850XAC running 64-bit Ubuntu 24.04.4 LTS
| Command      : report_utilization -hierarchical -file /tmp/rs422-analysis/ooc-constrained/utilization_hierarchy.rpt
| Design       : redundant_link_core
| Device       : xc7a35tcpg236-1
| Speed File   : -1
| Design State : Routed
---------------------------------------------------------------------------------------------------------------------------------------------

Utilization Design Information

Table of Contents
-----------------
1. Utilization by Hierarchy

1. Utilization by Hierarchy
---------------------------

+-------------------------+--------------------+------------+------------+---------+------+------+--------+--------+------------+
|         Instance        |       Module       | Total LUTs | Logic LUTs | LUTRAMs | SRLs |  FFs | RAMB36 | RAMB18 | DSP Blocks |
+-------------------------+--------------------+------------+------------+---------+------+------+--------+--------+------------+
| redundant_link_core     |              (top) |       3155 |       2751 |     404 |    0 | 2933 |      0 |      0 |          0 |
|   (redundant_link_core) |              (top) |          8 |          8 |       0 |    0 |  325 |      0 |      0 |          0 |
|   u_axi_regs            |      axi_lite_regs |        654 |        654 |       0 |    0 |  227 |      0 |      0 |          0 |
|   u_crc_a               |        crc16_ccitt |         36 |         36 |       0 |    0 |   19 |      0 |      0 |          0 |
|   u_crc_b               |      crc16_ccitt_0 |         37 |         37 |       0 |    0 |   19 |      0 |      0 |          0 |
|   u_decision            |      decision_unit |         86 |         86 |       0 |    0 |  167 |      0 |      0 |          0 |
|   u_duplicate_guard     |    duplicate_guard |        161 |        161 |       0 |    0 |  224 |      0 |      0 |          0 |
|   u_event_arbiter       |      event_arbiter |        471 |        471 |       0 |    0 |  800 |      0 |      0 |          0 |
|   u_event_fifo          |         event_fifo |        125 |         81 |      44 |    0 |   30 |      0 |      0 |          0 |
|   u_fifo_a              |         frame_fifo |        246 |        126 |     120 |    0 |    5 |      0 |      0 |          0 |
|   u_fifo_b              |       frame_fifo_1 |        320 |        200 |     120 |    0 |    5 |      0 |      0 |          0 |
|   u_health              | channel_health_mgr |         36 |         36 |       0 |    0 |   38 |      0 |      0 |          0 |
|   u_pair_matcher        |       pair_matcher |        124 |        124 |       0 |    0 |  212 |      0 |      0 |          0 |
|   u_parser_a            |       frame_parser |        172 |        172 |       0 |    0 |  234 |      0 |      0 |          0 |
|   u_parser_b            |     frame_parser_2 |        174 |        174 |       0 |    0 |  234 |      0 |      0 |          0 |
|   u_raw_buffer          |   raw_frame_buffer |        275 |        155 |     120 |    0 |  190 |      0 |      0 |          0 |
|   u_seq_a               |        seq_monitor |          7 |          7 |       0 |    0 |   13 |      0 |      0 |          0 |
|   u_seq_b               |      seq_monitor_3 |          5 |          5 |       0 |    0 |   13 |      0 |      0 |          0 |
|   u_status_display      |     status_display |        108 |        108 |       0 |    0 |   82 |      0 |      0 |          0 |
|   u_uart_rx_a           |            uart_rx |         61 |         61 |       0 |    0 |   36 |      0 |      0 |          0 |
|   u_uart_rx_b           |          uart_rx_4 |         60 |         60 |       0 |    0 |   36 |      0 |      0 |          0 |
|   u_uart_tx             |            uart_tx |         25 |         25 |       0 |    0 |   24 |      0 |      0 |          0 |
+-------------------------+--------------------+------------+------------+---------+------+------+--------+--------+------------+
* Note: The sum of lower-level cells may be larger than their parent cells total, due to cross-hierarchy LUT combining


